This is a longer line compared to the other one. It has fourteen words.