one two three four five six even eight nine ten eleven
one two three four five six even eight nine ten eleven twelve thirteen
one two three four five six even eight nine ten eleven twelve